// Jest Snapshot v1, https://goo.gl/fbAQLP

exports[`<ParkingChargeZoneContent /> should work 1`] = `
<div>
  <div
    class="injectIntl(ParkingChargeZoneContent)-padding-1"
  >
    <div
      class="injectIntl(ParkingChargeZoneContent)-subtitle-2"
    >
      <h6
        class="MuiTypography-root MuiTypography-subtitle1 css-dlbwt1-MuiTypography-root"
      >
        Vyöhyke
        :
         
        1
      </h6>
    </div>
    <div>
      <p
        class="MuiTypography-root MuiTypography-body2 css-1ak20dk-MuiTypography-root"
      >
        Maksullisuus arkisin
        :
         
        9 - 18
      </p>
    </div>
    <div>
      <p
        class="MuiTypography-root MuiTypography-body2 css-1ak20dk-MuiTypography-root"
      >
        Maksullisuus lauantaisin
        :
         
        9 - 15
      </p>
    </div>
    <div>
      <p
        class="MuiTypography-root MuiTypography-body2 css-1ak20dk-MuiTypography-root"
      >
        Maksullisuus sunnuntaisin
        :
         
        Maksuton
      </p>
    </div>
    <div>
      <p
        class="MuiTypography-root MuiTypography-body2 css-1ak20dk-MuiTypography-root"
      >
        Hinta
        :
         
        3 €/h
      </p>
    </div>
  </div>
</div>
`;
