// Jest Snapshot v1, https://goo.gl/fbAQLP

exports[`<ParkingSpacesContent /> should work 1`] = `
<div>
  <div
    class="injectIntl(ParkingSpacesContent)-container-1"
  >
    <div
      class="injectIntl(ParkingSpacesContent)-title-2"
    >
      <h3
        class="MuiTypography-root MuiTypography-subtitle1 css-dlbwt1-MuiTypography-root"
      >
        Pysäköintialue
      </h3>
    </div>
    <div
      class="injectIntl(ParkingSpacesContent)-text-3"
    >
      <p
        class="MuiTypography-root MuiTypography-body2 css-1ak20dk-MuiTypography-root"
      >
        Maksutyyppi
        :
         
        Maksullinen
      </p>
    </div>
    <div
      class="injectIntl(ParkingSpacesContent)-text-3"
    >
      <p
        class="MuiTypography-root MuiTypography-body2 css-1ak20dk-MuiTypography-root"
      >
        Parkkipaikkojen määrä
        :
         
        10
      </p>
    </div>
    <div
      class="injectIntl(ParkingSpacesContent)-text-3"
    >
      <p
        class="MuiTypography-root MuiTypography-body2 css-1ak20dk-MuiTypography-root"
      >
        Vapaana olevat parkkipaikat: 5 / 10
      </p>
    </div>
  </div>
</div>
`;
