// Jest Snapshot v1, https://goo.gl/fbAQLP

exports[`<MeasuringStopButton /> should work 1`] = `
<div>
  <button
    aria-label="Lopeta mittaus"
    class="MuiButtonBase-root Mui-focusVisible SMButton css-14obfdz-MuiButtonBase-root"
    color="primary"
    id="MeasuringStopButton"
    margin="0"
    role="button"
    small="0"
    tabindex="0"
    type="button"
    variant="contained"
  >
    <p
      aria-hidden="true"
      class="MuiTypography-root MuiTypography-caption css-14ohs2l-MuiTypography-root"
    >
      Lopeta mittaus
    </p>
  </button>
</div>
`;
