// Jest Snapshot v1, https://goo.gl/fbAQLP

exports[`<RailwayStationsContent /> should match snapshot 1`] = `
<div>
  <div
    class="css-1ynyhby"
  >
    <div
      class="css-1dznbe2"
    >
      <h4
        class="MuiTypography-root MuiTypography-subtitle1 css-1im1a93-MuiTypography-root"
      >
        Kupittaa
      </h4>
    </div>
    <div>
      <div>
        <div
          class="css-1fhgjcy"
        >
          <h5
            class="MuiTypography-root MuiTypography-subtitle1 css-1im1a93-MuiTypography-root"
          >
            L채htev채t junat
          </h5>
          <p
            class="MuiTypography-root MuiTypography-body2 css-qabfq1-MuiTypography-root"
          >
            Ei l채htevi채 junia
          </p>
        </div>
      </div>
      <div>
        <div
          class="css-1fhgjcy"
        >
          <h5
            class="MuiTypography-root MuiTypography-subtitle1 css-1im1a93-MuiTypography-root"
          >
            Saapuvat junat
          </h5>
          <p
            class="MuiTypography-root MuiTypography-body2 css-qabfq1-MuiTypography-root"
          >
            Ei saapuvia junia
          </p>
        </div>
      </div>
    </div>
  </div>
</div>
`;
