// Jest Snapshot v1, https://goo.gl/fbAQLP

exports[`<BicycleStandContent /> should work 1`] = `
<div>
  <div
    class="css-1ynyhby"
  >
    <div
      class="css-1dznbe2"
    >
      <h3
        class="MuiTypography-root MuiTypography-subtitle1 css-dlbwt1-MuiTypography-root"
      >
        Testinimi
      </h3>
    </div>
    <div>
      <div
        class="css-1fhgjcy"
      >
        <p
          class="MuiTypography-root MuiTypography-body2 css-1ak20dk-MuiTypography-root"
        >
          Malli: Testimalli
        </p>
      </div>
      <div
        class="css-1fhgjcy"
      >
        <p
          class="MuiTypography-root MuiTypography-body2 css-1ak20dk-MuiTypography-root"
        >
          Pyöräpaikkojen määrä: 10
        </p>
      </div>
      <div
        class="css-1fhgjcy"
      >
        <p
          class="MuiTypography-root MuiTypography-body2 css-1ak20dk-MuiTypography-root"
        >
          Pyörätelineiden määrä: 5
        </p>
      </div>
      <div
        class="css-1fhgjcy"
      >
        <p
          class="MuiTypography-root MuiTypography-body2 css-1rexknm-MuiTypography-root"
        >
          Pyöräparkki on katettu
        </p>
      </div>
      <div
        class="css-1fhgjcy"
      >
        <p
          class="MuiTypography-root MuiTypography-body2 css-1rexknm-MuiTypography-root"
        >
          Pyörän voi runkolukita
        </p>
      </div>
      <div
        class="css-1fhgjcy"
      >
        <p
          class="MuiTypography-root MuiTypography-body2 css-1rexknm-MuiTypography-root"
        >
          Turun kaupungin ylläpitämä.
        </p>
      </div>
    </div>
  </div>
</div>
`;
