// Jest Snapshot v1, https://goo.gl/fbAQLP

exports[`<UnitItem /> should work 1`] = `
<div>
  <li
    aria-disabled="false"
    class="MuiButtonBase-root MuiListItem-root ResultItem-listItem-3 MuiListItem-gutters MuiListItem-button"
    role="link"
    tabindex="0"
  >
    <div
      class="MuiListItemIcon-root ResultItem-listItemIcon-4"
    >
      <img
        alt=""
        aria-hidden="true"
        class="Connect(UnitIcon)-icon-18 "
        src="data:image/png;base64,00"
      />
    </div>
    <div
      class="ResultItem-itemTextContainer-10"
    >
      <div
        class="ResultItem-topRow-11"
      >
        <p
          class="MuiTypography-root ResultItem-title-8 ResultItem-srOnly MuiTypography-srOnly"
        >
          
    P채채kirjasto 
    Kunnallinen palvelu 
     
     
    
  
        </p>
        <p
          aria-hidden="true"
          class="MuiTypography-root ResultItem-title-8  Connect(UnitItem)-title-1 ResultItem-title MuiTypography-body2"
          role="textbox"
        >
          P채채kirjasto
        </p>
      </div>
      <div>
        <div>
          <p
            aria-hidden="true"
            class="MuiTypography-root ResultItem-noMargin-9 ResultItem-text-16  ResultItem-subtitle MuiTypography-caption"
          >
            Kunnallinen palvelu
          </p>
        </div>
      </div>
    </div>
  </li>
  <li
    aria-hidden="true"
  >
    <hr
      class="MuiDivider-root ResultItem-divider-17 MuiDivider-inset"
    />
  </li>
</div>
`;
