// Jest Snapshot v1, https://goo.gl/fbAQLP

exports[`<TextComponent /> should match snapshot 1`] = `
<div>
  <div
    class="css-1fhgjcy"
  >
    <p
      class="MuiTypography-root MuiTypography-body2 css-1ak20dk-MuiTypography-root"
    >
      Testiteksti
    </p>
  </div>
</div>
`;
