// Jest Snapshot v1, https://goo.gl/fbAQLP

exports[`<FormLabel /> should work 1`] = `
<div>
  <label
    class="MuiFormControlLabel-root MuiFormControlLabel-labelPlacementEnd injectIntl(FormLabel)-formLabel-1 injectIntl(FormLabel)-paddingMd-2 css-j204z7-MuiFormControlLabel-root"
  >
    <span
      class="MuiSwitch-root MuiSwitch-sizeMedium css-julti5-MuiSwitch-root"
    >
      <span
        class="MuiSwitch-switchBase MuiSwitch-colorPrimary MuiButtonBase-root MuiSwitch-switchBase MuiSwitch-colorPrimary PrivateSwitchBase-root css-18jccp8-MuiButtonBase-root-MuiSwitch-switchBase"
        role="switch"
      >
        <input
          aria-label="Polkupyöräpysäköinti (ei-runkolukittava)"
          class="MuiSwitch-input PrivateSwitchBase-input css-1m9pwf3"
          type="checkbox"
        />
        <span
          class="MuiSwitch-thumb css-jsexje-MuiSwitch-thumb"
        />
      </span>
      <span
        class="MuiSwitch-track css-1yjjitx-MuiSwitch-track"
      />
    </span>
    <p
      aria-label="Polkupyöräpysäköinti (ei-runkolukittava)"
      class="MuiTypography-root MuiTypography-body2 css-1ak20dk-MuiTypography-root"
    >
      Polkupyöräpysäköinti (ei-runkolukittava)
    </p>
  </label>
</div>
`;
