// Jest Snapshot v1, https://goo.gl/fbAQLP

exports[`<SimpleListItem /> should work 1`] = `
<div>
  <li
    class="SimpleListItem-listItem-1 MuiListItem-root MuiListItem-gutters MuiListItem-padding null  css-sn7obt-MuiListItem-root"
    tabindex="-1"
  >
    <div
      class="SimpleListItem-textContainer-2 MuiListItemText-root css-vt7cuc-MuiListItemText-root"
    >
      <p
        class="null  MuiTypography-root MuiTypography-body2 css-q91igz-MuiTypography-root"
      >
        <span
          class="MuiTypography-root MuiTypography-srOnly css-37jdci-MuiTypography-root"
        />
        Title text
      </p>
    </div>
  </li>
</div>
`;
