// Jest Snapshot v1, https://goo.gl/fbAQLP

exports[`<SpeedLimitZonesList /> should work 1`] = `
<div>
  <div
    class="injectIntl(SpeedLimitZonesList)-paragraph-1 injectIntl(SpeedLimitZonesList)-border-2"
  >
    <p
      aria-label="Voit valintojen avulla näyttää nopeusrajoitusalueita kartalla."
      class="MuiTypography-root MuiTypography-body2 css-1ak20dk-MuiTypography-root"
    >
      Voit valintojen avulla näyttää nopeusrajoitusalueita kartalla.
    </p>
  </div>
  <div
    class="injectIntl(SpeedLimitZonesList)-buttonList-4"
  >
    <div
      class="injectIntl(SpeedLimitZonesList)-checkBoxContainer-5"
    >
      <label
        class="MuiFormControlLabel-root MuiFormControlLabel-labelPlacementEnd css-j204z7-MuiFormControlLabel-root"
      >
        <span
          aria-checked="true"
          class="MuiButtonBase-root MuiCheckbox-root MuiCheckbox-colorPrimary PrivateSwitchBase-root MuiCheckbox-root MuiCheckbox-colorPrimary Mui-checked MuiCheckbox-root MuiCheckbox-colorPrimary injectIntl(SpeedLimitZonesList)-margin-3 css-1ov5m8d-MuiButtonBase-root-MuiCheckbox-root"
        >
          <input
            checked=""
            class="PrivateSwitchBase-input css-1m9pwf3"
            data-indeterminate="false"
            type="checkbox"
          />
          <svg
            aria-hidden="true"
            class="MuiSvgIcon-root MuiSvgIcon-fontSizeMedium css-6yqi1c-MuiSvgIcon-root"
            data-testid="CheckBoxIcon"
            focusable="false"
            viewBox="0 0 24 24"
          >
            <path
              d="M19 3H5c-1.11 0-2 .9-2 2v14c0 1.1.89 2 2 2h14c1.11 0 2-.9 2-2V5c0-1.1-.89-2-2-2zm-9 14l-5-5 1.41-1.41L10 14.17l7.59-7.59L19 8l-9 9z"
            />
          </svg>
        </span>
        <p
          aria-label="30 km/t"
          class="MuiTypography-root MuiTypography-body2 css-1ak20dk-MuiTypography-root"
        >
          30 km/t
        </p>
      </label>
    </div>
    <div
      class="injectIntl(SpeedLimitZonesList)-checkBoxContainer-5"
    >
      <label
        class="MuiFormControlLabel-root MuiFormControlLabel-labelPlacementEnd css-j204z7-MuiFormControlLabel-root"
      >
        <span
          aria-checked="false"
          class="MuiButtonBase-root MuiCheckbox-root MuiCheckbox-colorPrimary PrivateSwitchBase-root MuiCheckbox-root MuiCheckbox-colorPrimary MuiCheckbox-root MuiCheckbox-colorPrimary injectIntl(SpeedLimitZonesList)-margin-3 css-1ov5m8d-MuiButtonBase-root-MuiCheckbox-root"
        >
          <input
            class="PrivateSwitchBase-input css-1m9pwf3"
            data-indeterminate="false"
            type="checkbox"
          />
          <svg
            aria-hidden="true"
            class="MuiSvgIcon-root MuiSvgIcon-fontSizeMedium css-6yqi1c-MuiSvgIcon-root"
            data-testid="CheckBoxOutlineBlankIcon"
            focusable="false"
            viewBox="0 0 24 24"
          >
            <path
              d="M19 5v14H5V5h14m0-2H5c-1.1 0-2 .9-2 2v14c0 1.1.9 2 2 2h14c1.1 0 2-.9 2-2V5c0-1.1-.9-2-2-2z"
            />
          </svg>
        </span>
        <p
          aria-label="40 km/t"
          class="MuiTypography-root MuiTypography-body2 css-1ak20dk-MuiTypography-root"
        >
          40 km/t
        </p>
      </label>
    </div>
    <div
      class="injectIntl(SpeedLimitZonesList)-checkBoxContainer-5"
    >
      <label
        class="MuiFormControlLabel-root MuiFormControlLabel-labelPlacementEnd css-j204z7-MuiFormControlLabel-root"
      >
        <span
          aria-checked="false"
          class="MuiButtonBase-root MuiCheckbox-root MuiCheckbox-colorPrimary PrivateSwitchBase-root MuiCheckbox-root MuiCheckbox-colorPrimary MuiCheckbox-root MuiCheckbox-colorPrimary injectIntl(SpeedLimitZonesList)-margin-3 css-1ov5m8d-MuiButtonBase-root-MuiCheckbox-root"
        >
          <input
            class="PrivateSwitchBase-input css-1m9pwf3"
            data-indeterminate="false"
            type="checkbox"
          />
          <svg
            aria-hidden="true"
            class="MuiSvgIcon-root MuiSvgIcon-fontSizeMedium css-6yqi1c-MuiSvgIcon-root"
            data-testid="CheckBoxOutlineBlankIcon"
            focusable="false"
            viewBox="0 0 24 24"
          >
            <path
              d="M19 5v14H5V5h14m0-2H5c-1.1 0-2 .9-2 2v14c0 1.1.9 2 2 2h14c1.1 0 2-.9 2-2V5c0-1.1-.9-2-2-2z"
            />
          </svg>
        </span>
        <p
          aria-label="50 km/t"
          class="MuiTypography-root MuiTypography-body2 css-1ak20dk-MuiTypography-root"
        >
          50 km/t
        </p>
      </label>
    </div>
  </div>
</div>
`;
