// Jest Snapshot v1, https://goo.gl/fbAQLP

exports[`<ScooterInfo /> should work 1`] = `
<div>
  <div
    class="injectIntl(ScooterInfo)-container-1"
  >
    <div
      class="injectIntl(ScooterInfo)-headerContainer-2"
    >
      <div>
        <h3
          class="MuiTypography-root MuiTypography-subtitle1 css-dlbwt1-MuiTypography-root"
        >
          Sähköpotkulauta
        </h3>
      </div>
    </div>
    <div
      class="injectIntl(ScooterInfo)-textContainer-3"
    >
      <div
        class="injectIntl(ScooterInfo)-marginTop-5"
      >
        <p
          class="MuiTypography-root MuiTypography-body2 css-1ak20dk-MuiTypography-root"
        >
          Palveluntarjoaja: Ryde
        </p>
      </div>
      <div
        class="injectIntl(ScooterInfo)-marginTop-5"
      >
        <p
          class="MuiTypography-root MuiTypography-body2 css-1ak20dk-MuiTypography-root"
        >
          Vuokrattavissa oleva
        </p>
      </div>
      <div
        class="injectIntl(ScooterInfo)-marginTop-5"
      >
        <p
          class="MuiTypography-root MuiTypography-body2 css-1ak20dk-MuiTypography-root"
        >
          Jäljellä oleva kantama: 20.20 km
        </p>
      </div>
      <div
        class="injectIntl(ScooterInfo)-paragraph-4"
      >
        <p
          class="MuiTypography-root MuiTypography-body2 injectIntl(ScooterInfo)-bold-6 css-1ak20dk-MuiTypography-root"
        >
          Varauslinkit
          :
        </p>
      </div>
      <div
        class="injectIntl(ScooterInfo)-paragraph-4"
      >
        <a
          class="MuiTypography-root MuiTypography-inherit MuiLink-root MuiLink-underlineAlways css-16pak0r-MuiTypography-root-MuiLink-root"
          href="https://www.testilinkki.fi"
          role="link"
          target="_blank"
        >
          <p
            class="MuiTypography-root MuiTypography-body2 injectIntl(ScooterInfo)-link-7 css-1ak20dk-MuiTypography-root"
          >
            Android
          </p>
        </a>
      </div>
      <div
        class="injectIntl(ScooterInfo)-paragraph-4"
      >
        <a
          class="MuiTypography-root MuiTypography-inherit MuiLink-root MuiLink-underlineAlways css-16pak0r-MuiTypography-root-MuiLink-root"
          href="https://www.testilinkki.fi"
          role="link"
          target="_blank"
        >
          <p
            class="MuiTypography-root MuiTypography-body2 injectIntl(ScooterInfo)-link-7 css-1ak20dk-MuiTypography-root"
          >
            iOS
          </p>
        </a>
      </div>
    </div>
  </div>
</div>
`;
