// Jest Snapshot v1, https://goo.gl/fbAQLP

exports[`<CityBikeInfo /> should work 1`] = `
<div>
  <div
    class="injectIntl(EmptyRouteList)-paragraph-1"
  >
    <p
      aria-label="Reittejä ei löytynyt."
      class="MuiTypography-root MuiTypography-subtitle2"
    >
      Reittejä ei löytynyt.
    </p>
  </div>
</div>
`;
