// Jest Snapshot v1, https://goo.gl/fbAQLP

exports[`<LoadingPlacesContent /> should match snapshot 1`] = `
<div>
  <div
    class="LoadingPlacesContent-container-1"
  >
    <div
      class="LoadingPlacesContent-container-1"
    >
      <div
        class="LoadingPlacesContent-headerContainer-2"
      >
        <div
          class="css-qpxa1n"
        >
          <p
            class="MuiTypography-root MuiTypography-subtitle1 css-dlbwt1-MuiTypography-root"
          >
            Testi
          </p>
        </div>
      </div>
      <div
        class="LoadingPlacesContent-textContainer-3"
      >
        <div
          class="css-qpxa1n"
        >
          <p
            class="MuiTypography-root MuiTypography-body2 css-1ak20dk-MuiTypography-root"
          >
            Osoite: Testikatu
          </p>
        </div>
        <div
          class="css-qpxa1n"
        >
          <p
            class="MuiTypography-root MuiTypography-body2 css-1ak20dk-MuiTypography-root"
          >
            Testi
          </p>
        </div>
        <div
          class="css-qpxa1n"
        >
          <p
            class="MuiTypography-root MuiTypography-body2 css-1ak20dk-MuiTypography-root"
          >
            Testitieto
          </p>
        </div>
        <div
          class="css-qpxa1n"
        >
          <p
            class="MuiTypography-root MuiTypography-body2 css-1ak20dk-MuiTypography-root"
          >
            Testitieto
          </p>
        </div>
      </div>
    </div>
  </div>
</div>
`;
