// Jest Snapshot v1, https://goo.gl/fbAQLP

exports[`<SingleValueText /> should match snapshot 1`] = `
<div>
  <div
    class="injectIntl(SingleValueText)-margin-1"
  >
    <p
      class="MuiTypography-root MuiTypography-body2"
    >
      Osoite: Testikatu
    </p>
  </div>
</div>
`;
