// Jest Snapshot v1, https://goo.gl/fbAQLP

exports[`<ResultItem /> should work 1`] = `
<div>
  <li
    class="MuiButtonBase-root MuiListItem-root MuiListItem-gutters MuiListItem-padding MuiListItem-button ResultItem-listItem-2 css-6w6cpn-MuiButtonBase-root-MuiListItem-root"
    role="link"
    tabindex="0"
  >
    <div
      class="ResultItem-itemTextContainer-9"
    >
      <div
        class="ResultItem-topRow-10"
      >
        <p
          class="MuiTypography-root MuiTypography-srOnly ResultItem-title-7 ResultItem-srOnly css-37jdci-MuiTypography-root"
        >
          
    Title text 
    Subtitle text 
    100 metrin päässä 
    Bottom text 
    
  
        </p>
        <p
          aria-hidden="true"
          class="MuiTypography-root MuiTypography-body2 ResultItem-title-7   ResultItem-title css-1ak20dk-MuiTypography-root"
          role="textbox"
        >
          Title text
        </p>
        <div
          class="ResultItem-rightColumn-13"
        >
          <p
            aria-hidden="true"
            class="MuiTypography-root MuiTypography-caption ResultItem-caption-14 ResultItem-text-15 ResultItem-marginLeft-12  ResultItem-distance css-r3hlsg-MuiTypography-root"
          >
            100m
          </p>
        </div>
      </div>
      <div>
        <div>
          <p
            aria-hidden="true"
            class="MuiTypography-root MuiTypography-caption ResultItem-noMargin-8 ResultItem-text-15  ResultItem-subtitle css-r3hlsg-MuiTypography-root"
          >
            Subtitle text
          </p>
        </div>
        <div
          class="ResultItem-bottomContainer-5 "
        >
          <p
            aria-hidden="true"
            class="MuiTypography-root MuiTypography-caption   ResultItem-bottom css-o763o0-MuiTypography-root"
          >
            Bottom text
          </p>
        </div>
      </div>
    </div>
  </li>
  <li
    aria-hidden="true"
  >
    <hr
      class="MuiDivider-root MuiDivider-inset ResultItem-divider-16 css-uls1yk-MuiDivider-root"
    />
  </li>
</div>
`;
