// Jest Snapshot v1, https://goo.gl/fbAQLP

exports[`<ServiceMapButton /> should work 1`] = `
<div>
  <button
    class="MuiButtonBase-root ForwardRef-button-1  ForwardRef-marginRight-4  ForwardRef-default-7"
    role="button"
    tabindex="0"
    type="button"
    variant="contained"
  >
    Test
  </button>
</div>
`;
